Traceback (most recent call last):
  File "C:\Users\juand\miniconda3\envs\ml_venv\lib\site-packages\nbclient\client.py", line 778, in _async_poll_for_reply
    msg = await ensure_async(self.kc.shell_channel.get_msg(timeout=new_timeout))
  File "C:\Users\juand\miniconda3\envs\ml_venv\lib\site-packages\jupyter_core\utils\__init__.py", line 182, in ensure_async
    result = await obj
  File "C:\Users\juand\miniconda3\envs\ml_venv\lib\site-packages\jupyter_client\channels.py", line 315, in get_msg
    raise Empty
_queue.Empty

During handling of the above exception, another exception occurred:

Traceback (most recent call last):
  File "C:\Users\juand\miniconda3\envs\ml_venv\lib\site-packages\jupyter_cache\executors\utils.py", line 58, in single_nb_execution
    executenb(
  File "C:\Users\juand\miniconda3\envs\ml_venv\lib\site-packages\nbclient\client.py", line 1305, in execute
    return NotebookClient(nb=nb, resources=resources, km=km, **kwargs).execute()
  File "C:\Users\juand\miniconda3\envs\ml_venv\lib\site-packages\jupyter_core\utils\__init__.py", line 166, in wrapped
    return loop.run_until_complete(inner)
  File "C:\Users\juand\miniconda3\envs\ml_venv\lib\asyncio\base_events.py", line 647, in run_until_complete
    return future.result()
  File "C:\Users\juand\miniconda3\envs\ml_venv\lib\site-packages\nbclient\client.py", line 705, in async_execute
    await self.async_execute_cell(
  File "C:\Users\juand\miniconda3\envs\ml_venv\lib\site-packages\nbclient\client.py", line 1001, in async_execute_cell
    exec_reply = await self.task_poll_for_reply
  File "C:\Users\juand\miniconda3\envs\ml_venv\lib\site-packages\nbclient\client.py", line 802, in _async_poll_for_reply
    error_on_timeout_execute_reply = await self._async_handle_timeout(timeout, cell)
  File "C:\Users\juand\miniconda3\envs\ml_venv\lib\site-packages\nbclient\client.py", line 852, in _async_handle_timeout
    raise CellTimeoutError.error_from_timeout_and_cell(
nbclient.exceptions.CellTimeoutError: A cell timed out while it was being executed, after 30 seconds.
The message was: Cell execution timed out.
Here is a preview of the cell contents:
-------------------
['import kagglehub', '', 'DATA_SOURCE = "wordsforthewise/lending-club"', 'dataset_path = kagglehub.dataset_download(DATA_SOURCE)', 'csv_candidates = [p for p in Path(dataset_path).rglob("*.csv") if p.is_file() and "accepted" in p.name.lower()]']
...
['NUMERIC_FEATURES = NUMERIC_FEATURES + ["inq_last_12m_missing", "all_util_missing"]', '', 'N_TOTAL = len(df)', 'print(f"{N_TOTAL:,} filas leídas en {t_sklearn_carga:,.1f} s | ids únicos: {df[\'id\'].nunique():,} | "', '      f"tasa Charged Off = {100 * df[\'default\'].mean():.2f}%")']
-------------------

